[TEST] Memanggil: https://samehadaku.care/
[SUCCESS] https://samehadaku.care/ - Status: 200
          Title: Samehadaku - Fansub Anime Subtitle Indonesia 
[TEST] Memanggil: https://v2.samehadaku.how/
[FAILED] https://v2.samehadaku.how/ - Error: 403
[TEST] Memanggil: https://kuramanime.com/
[FAILED] https://kuramanime.com/ - Error: Hostname/IP does not match certificate's altnames: Host: kuramanime.com. is not in the cert's altnames: DNS:internetbaik.telkomsel.com, DNS:internettepat.telkomsel.com
[TEST] Memanggil: https://kuramanime.pro/
[FAILED] https://kuramanime.pro/ - Error: Hostname/IP does not match certificate's altnames: Host: kuramanime.pro. is not in the cert's altnames: DNS:internetbaik.telkomsel.com, DNS:internettepat.telkomsel.com
[TEST] Memanggil: https://kuramanime.vip/
[FAILED] https://kuramanime.vip/ - Error: Hostname/IP does not match certificate's altnames: Host: kuramanime.vip. is not in the cert's altnames: DNS:internetbaik.telkomsel.com, DNS:internettepat.telkomsel.com
